// Jest Snapshot v1, https://goo.gl/fbAQLP

exports[`components | App | index should render component 1`] = `
<div>
  <div
    class="App"
  >
    <div
      class="Playground"
    >
      <div
        class="boxList"
      >
        <div
          class="titleBox"
        >
          <span>
            Tick the checkboxes
          </span>
        </div>
        <div
          class="welcomeBox"
        />
        <div
          class="selectAllBox"
        >
          <input
            data-testid="selectAll"
            id="selectAll"
            name="selectAll"
            type="checkbox"
          />
          <label
            for="selectall"
          />
        </div>
        <div
          class="listItemsBox"
        >
          <div
            class="item"
          >
            <input
              data-testid="item-0"
              id="item-0"
              name="item-0"
              type="checkbox"
            />
            <label
              for="item-0"
            />
          </div>
          <div
            class="item"
          >
            <input
              data-testid="item-1"
              id="item-1"
              name="item-1"
              type="checkbox"
            />
            <label
              for="item-1"
            />
          </div>
          <div
            class="item"
          >
            <input
              data-testid="item-2"
              id="item-2"
              name="item-2"
              type="checkbox"
            />
            <label
              for="item-2"
            />
          </div>
          <div
            class="item"
          >
            <input
              data-testid="item-3"
              id="item-3"
              name="item-3"
              type="checkbox"
            />
            <label
              for="item-3"
            />
          </div>
        </div>
      </div>
    </div>
  </div>
</div>
`;
